KataGo v1.10.0
Using koPOSITIONALscoreAREAtaxNONEsui0 rules initially, unless GTP/GUI overrides this
Initializing board with boardXSize 19 boardYSize 19
Loaded config configs/gtp_example.cfg and/or command-line and query overrides
Loaded model tests/models/g170-b6c96-s175395328-d26788732.bin.gz
Model name: g170-b6c96-s175395328-d26788732
GTP ready, beginning main protocol loop
MoveNum: 0 HASH: CDCBC1F514D7E680FACD226074256633
   A B C D E F G H J K L M N O P Q R S T
19 . . . . . . . . . . . . . . . . . . .
18 . . . . . . . . . . . . . . . . . . .
17 . . . . . . . . . . . . . . . . . . .
16 . . . . . . . . . . . . . . . . . . .
15 . . . . . . . . . . . . . . . . . . .
14 . . . . . . . . . . . . . . . . . . .
13 . . . . . . . . . . . . . . . . . . .
12 . . . . . . . . . . . . . . . . . . .
11 . . . . . . . . . . . . . . . . . . .
10 . . . . . . . . . . . . . . . . . . .
 9 . . . . . . . . . . . . . . . . . . .
 8 . . . . . . . . . . . . . . . . . . .
 7 . . . . . . . . . . . . . . . . . . .
 6 . . . . . . . . . . . . . . . . . . .
 5 . . . . . . . . . . . . . . . . . . .
 4 . . . . . . . . . . . . . . . . @ . .
 3 . . . . . . . . . . . . . . . . . . .
 2 . . . . . . . . . . . . . . . . . . .
 1 . . . . . . . . . . . . . . . . . . .

koPOSITIONALscoreAREAtaxNONEsui0komi7.5
Time taken: ###
Root visits: 100
New playouts: 100
NN rows: 92
NN batches: 92
NN avg batch size: 1
PV: D3 R16 C16 Q3
Tree:
: T   0.12c W  -0.35c S   0.27c ( +0.1 L  +0.2) N     100  --  D3 R16 C16 Q3
---Black(^)---
D3  : T   0.97c W   0.50c S   0.41c ( +0.3 L  +0.4) LCB   -2.61c P  8.47% WF  17.1 PSV      26 N      17  --  D3 R16 C16 Q3
Q17 : T   0.72c W   0.08c S   0.38c ( +0.3 L  +0.3) LCB   -4.40c P  8.89% WF  14.1 PSV      14 N      14  --  Q17 D3 C16 Q3
C4  : T   0.37c W  -0.13c S   0.27c ( +0.1 L  +0.2) LCB   -6.56c P  8.74% WF  13.0 PSV      13 N      13  --  C4 R4 C16 Q17
Q3  : T   0.52c W   0.10c S   0.33c ( +0.2 L  +0.3) LCB   -4.00c P  9.01% WF  12.0 PSV      12 N      12  --  Q3 R16 D3 D17
R4  : T  -0.60c W  -0.93c S   0.15c ( -0.0 L  +0.1) LCB   -9.11c P  8.99% WF   8.9 PSV       9 N       9  --  R4 R16 D3 D17
R16 : T   0.35c W  -0.25c S   0.30c ( +0.2 L  +0.2) LCB   -7.15c P  7.48% WF   9.0 PSV       9 N       9  --  R16 Q3 C4 D17
C16 : T  -0.13c W  -0.61c S   0.26c ( +0.1 L  +0.2) LCB  -14.72c P  8.31% WF   8.0 PSV       8 N       8  --  C16 R16 D3 Q3
D17 : T  -0.52c W  -0.92c S   0.16c ( -0.0 L  +0.0) LCB  -18.13c P  8.04% WF   7.0 PSV       7 N       7  --  D17 R16 D3 Q3
Q4  : T  -1.42c W  -1.87c S   0.04c ( -0.2 L  -0.0) LCB  -73.42c P  5.64% WF   4.0 PSV       4 N       4  --  Q4 D3 D17
D4  : T  -1.12c W  -1.62c S   0.05c ( -0.2 L  -0.0) LCB  -92.11c P  4.46% WF   4.0 PSV       3 N       4  --  D4 R4 D17
