KataGo v1.10.0
Using TrompTaylor rules initially, unless GTP/GUI overrides this
Initializing board with boardXSize 19 boardYSize 19
Loaded config configs/gtp_example.cfg and/or command-line and query overrides
Loaded model tests/models/g170-b6c96-s175395328-d26788732.bin.gz
Model name: g170-b6c96-s175395328-d26788732
GTP ready, beginning main protocol loop
MoveNum: 0 HASH: 39275211CAB1A1C57EBA614CCCEA92D2
   A B C D E F G H J K L M N O P Q R S T
19 . . . . . . . . . . . . . . . . . . .
18 . . . . . . . . . . . . . . . . . . .
17 . . . . . . . . . . . . . . . . . . .
16 . . . X . . . . . . . . . . . X . . .
15 . . . . . . . . . . . . . . . . . . .
14 . . . . . . . . . . . . . . . . . . .
13 . . . . . . . . . . . . . . . . . . .
12 . . . @ . . . . . . . . . . . . . . .
11 . . . . . . . . . . . . . . . . . . .
10 . . . X . . . . . X . . . . . X . . .
 9 . . . . . . . . . . . . . . . . . . .
 8 . . . . . . . . . . . . . . . . . . .
 7 . . . . . . . . . . . . . . . . . . .
 6 . . . . . . . . . . . . . . . . . . .
 5 . . . . . . . . . . . . . . . . . . .
 4 . . . X . . . . . . . . . . . X . . .
 3 . . . . . . . . . . . . . . . . . . .
 2 . . . . . . . . . . . . . . . . . . .
 1 . . . . . . . . . . . . . . . . . . .

koPOSITIONALscoreAREAtaxNONEsui1komi7.5
Time taken: ###
Root visits: 100
New playouts: 100
NN rows: 100
NN batches: 100
NN avg batch size: 1
PlayoutDoublingAdvantage: 2.75
PV: D6 F3 D12 F17
Tree:
: T -94.45c W -85.19c S  -8.56c (-30.2 L -29.6) N     100  --  D6 F3 D12 F17
---White(^)---
D6  : T -93.50c W -84.50c S  -8.27c (-29.9 L -29.3) LCB  -98.61c P  2.25% WF  18.2 PSV      33 N      18  --  D6 F3 D12 F17
D12 : T -94.10c W -85.34c S  -8.34c (-29.9 L -29.3) LCB -100.11c P  6.09% WF  23.1 PSV      23 N      23  --  D12 D7 F17 F16 G16 E17
O17 : T -94.75c W -85.21c S  -8.79c (-30.4 L -29.8) LCB -116.03c P  5.49% WF  11.0 PSV      11 N      11  --  O17 Q13 C14 F17 D8
O16 : T -93.77c W -84.73c S  -8.32c (-29.8 L -29.2) LCB -119.96c P  2.71% WF   9.0 PSV       9 N       9  --  O16 Q13 C14 F17 D8
Q12 : T -94.13c W -84.77c S  -8.25c (-29.8 L -29.3) LCB -127.29c P  5.45% WF   8.0 PSV       8 N       8  --  Q12 Q7 O16 Q14 O12
R12 : T -94.21c W -85.00c S  -8.64c (-30.3 L -29.9) LCB -123.98c P  3.29% WF   8.0 PSV       8 N       8  --  R12 Q7 O16 R14
F16 : T -96.04c W -86.30c S  -9.23c (-31.1 L -30.5) LCB -119.45c P  5.43% WF   7.9 PSV       7 N       8  --  F16 C13 R14 O17
F17 : T -96.71c W -85.63c S  -9.17c (-31.0 L -30.4) LCB -139.60c P  4.99% WF   5.9 PSV       5 N       6  --  F17 C13 R14
D8  : T -95.12c W -85.81c S  -8.76c (-30.4 L -29.7) LCB -139.51c P  2.39% WF   5.0 PSV       4 N       5  --  D8 D13 F3
R17 : T -99.89c W -89.02c S -10.87c (-33.1 L -31.8) LCB -280.00c P  2.69% WF   1.0 PSV       1 N       1  --  R17
MoveNum: 0 HASH: 31C5C7E1B1B3BA804B970B13D0FAC7AF
   A B C D E F G H J K L M N O P Q R S T
19 . . . . . . . . . . . . . . . . . . .
18 . . . . . . . . . . . . . . . . . . .
17 . . . . . . . . . . . . . . . X . . .
16 . . . X . . . . . . . . . . . . . . .
15 . . . . . . . . . . . . . . . . . . .
14 . . . . . . . . . . . . . . . . . . .
13 . . . . . . . . . . . . . . . . . . .
12 . . . . . . . . . . . . . . . . . . .
11 . . . . . . . . . . . . . . . . . . .
10 . . . . . . . . . . . . . . . . . . .
 9 . . . . . . . . . . . . . . . . . . .
 8 . . . . . . . . . . . . . . . . . . .
 7 . . . . . . . . . . . . . . . . . . .
 6 . . . . . . . . . . . . . . . . . . .
 5 . . . . . . . . . . . . . . . . . . .
 4 . . X . . . . . . . . . . . . . . . .
 3 . . . . . . . . . . . . . . . @ . . .
 2 . . . . . . . . . . . . . . . . . . .
 1 . . . . . . . . . . . . . . . . . . .

koPOSITIONALscoreAREAtaxNONEsui1komi7.5
Time taken: ###
Root visits: 100
New playouts: 100
NN rows: 82
NN batches: 82
NN avg batch size: 1
PlayoutDoublingAdvantage: 1.125
PV: R4 Q4 Q3 P3 R3 E4 R15
Tree:
: T -49.72c W -45.37c S  -4.21c (-12.8 L -13.3) N     100  --  R4 Q4 Q3 P3 R3 E4 R15
---White(^)---
R4  : T -49.34c W -45.16c S  -4.15c (-12.7 L -13.3) LCB  -53.42c P 32.14% WF  45.2 PSV      45 N      45  --  R4 Q4 Q3 P3 R3 E4 R15
Q3  : T -49.54c W -45.14c S  -4.16c (-12.7 L -13.3) LCB  -53.46c P 28.20% WF  36.1 PSV      36 N      36  --  Q3 Q4 R4 R5 R3 E4 R15
Q4  : T -51.53c W -47.61c S  -4.54c (-13.3 L -13.7) LCB  -61.06c P 13.17% WF   8.9 PSV       9 N       9  --  Q4 Q15 E3 D3 E4
Q16 : T -51.22c W -45.88c S  -4.53c (-13.2 L -13.8) LCB -149.50c P  6.97% WF   4.9 PSV       5 N       5  --  Q16 R16 P17 R17
D4  : T -53.26c W -47.08c S  -4.77c (-13.6 L -14.3) LCB -358.00c P  7.08% WF   3.9 PSV       3 N       4  --  D4 D3 E3 C3
MoveNum: 2 HASH: 026B39E226E1EAC8E8EE88ACE7D25975
   A B C D E F G H J K L M N O P Q R S T
19 . . . . . . . . . . . . . . . . . . .
18 . . . . . . . . . . . . . . . . . . .
17 . . . . . . . . . . . . . . . X . . .
16 . . . X . . . . . . . . . . . . . . .
15 . . . . . . . . . . . . . . . . @ . .
14 . . . . . . . . . . . . . . . . . . .
13 . . . . . . . . . . . . . . . . . . .
12 . . . . . . . . . . . . . . . . . . .
11 . . . . . . . . . . . . . . . . . . .
10 . . . . . . . . . . . . . . . . . . .
 9 . . . . . . . . . . . . . . . . . . .
 8 . . . . . . . . . . . . . . . . . . .
 7 . . . . . . . . . . . . . . . . . . .
 6 . . . . . . . . . . . . . . . . . . .
 5 . . . . . . . . . . . . . . . . . . .
 4 . . X . . . . . . . . . . . . . . . .
 3 . . . . . . . . . . . . . . . O1. . .
 2 . . . . . . . . . . . . . . . . . . .
 1 X2. . . . . . . . . . . . . . . . . .

koPOSITIONALscoreAREAtaxNONEsui1komi7.5
Time taken: ###
Root visits: 100
New playouts: 100
NN rows: 95
NN batches: 95
NN avg batch size: 1
PlayoutDoublingAdvantage: 1
PV: R15 R5 P16 P17 O16 N17 D4 D3 C5
Tree:
: T   0.49c W   1.04c S  -0.43c ( -0.5 L  -0.6) N     100  --  R15 R5 P16 P17 O16 N17 D4
---White(^)---
R15 : T   1.76c W   2.00c S  -0.25c ( -0.2 L  -0.4) LCB   -0.82c P 20.29% WF  51.7 PSV      51 N      51  --  R15 R5 P16 P17 O16 N17 D4 D3
Q5  : T   0.05c W   0.73c S  -0.63c ( -0.8 L  -0.8) LCB   -5.66c P 12.95% WF  14.9 PSV      13 N      15  --  Q5 Q15 E3 D3 E4 D6
Q16 : T  -2.07c W  -0.81c S  -0.65c ( -0.8 L  -1.0) LCB  -13.86c P 18.14% WF  10.7 PSV      11 N      11  --  Q16 R16 R15 R17 Q15 O17
Q15 : T   0.51c W   1.21c S  -0.43c ( -0.5 L  -0.7) LCB   -5.95c P  7.82% WF  11.0 PSV       9 N      11  --  Q15 Q4 R4 R5 R3
D4  : T  -2.64c W  -1.59c S  -0.81c ( -1.0 L  -1.2) LCB  -12.43c P 15.43% WF   7.8 PSV       8 N       8  --  D4 D3 C5 C3
E3  : T  -2.93c W  -1.77c S  -0.99c ( -1.3 L  -1.6) LCB  -58.46c P  4.90% WF   2.9 PSV       2 N       3  --  E3 Q15 D5
MoveNum: 4 HASH: 76B39503983B748D2483B1D5CEF9C2ED
   A B C D E F G H J K L M N O P Q R S T
19 . . . . . . . . . . . . . . . . . . .
18 . . . . . . . . . . . . . . . . . . .
17 . . . . . . . . . . . . . . . X . . .
16 . . . X . . . . . . . . . . . . . . .
15 . . . . . . . . . . . . . . . . O2. .
14 . . . . . . . . . . . . . . . . . . .
13 . . . . . . . . . . . . . . . . . . .
12 . . . . . . . . . . . . . . . . . . .
11 . . . . . . . . . . . . . . . . . . .
10 . . . . . . . . . . . . . . . . . . .
 9 . . . . . . . . . . . . . . . . . . .
 8 . . . . . . . . . . . . . . . . . . .
 7 . . . . . . . . . . . . . . . . . . .
 6 . . . . . . . . . . . . . . . . . . .
 5 . . . . . . . . . . . . . . . @ . . .
 4 . . X . . . . . . . . . . . . . . . .
 3 . . . . . . . . . . . . . . . O . . .
 2 . . . . . . . . . . . . . . . . . . .
 1 X1. X3. . . . . . . . . . . . . . . .

koPOSITIONALscoreAREAtaxNONEsui1komi7.5
Time taken: ###
Root visits: 100
New playouts: 100
NN rows: 99
NN batches: 99
NN avg batch size: 1
PlayoutDoublingAdvantage: 0.875
PV: Q5 R16 Q15 O17 R11 K4 C17 C16 D17
Tree:
: T  31.41c W  29.36c S   2.36c ( +7.2 L  +7.3) N     100  --  Q5 R16 Q15 O17 R11 K4 C17
---White(^)---
Q5  : T  32.39c W  30.08c S   2.43c ( +7.3 L  +7.4) LCB   27.97c P 33.19% WF  70.7 PSV      70 N      70  --  Q5 R16 Q15 O17 R11 K4 C17 C16
P16 : T  29.07c W  28.07c S   2.20c ( +7.0 L  +7.1) LCB   17.97c P 27.00% WF  21.4 PSV      20 N      22  --  P16 P17 O16 N17 Q5 N16 R12 K3
C17 : T  29.85c W  27.04c S   2.29c ( +7.2 L  +7.1) LCB   -0.84c P  7.64% WF   6.9 PSV       6 N       7  --  C17 C16 D17 E16
MoveNum: 6 HASH: 1A76A81A096EC32DA7CA1C2F74351579
   A B C D E F G H J K L M N O P Q R S T
19 . . . . . . . . . . . . . . . . . . .
18 . . . . . . . . . . . . . . . . . . .
17 . . . . . . . . . . . . . . . X . . .
16 . . . X . . . . . . . . . . . . . . .
15 . . . . . . . . . . . . . . . . O . .
14 . . . . . . . . . . . . . . . . . . .
13 . . . . . . . . . . . . . . . . . . .
12 . . . . . . . . . . . . . . . . . . .
11 . . . . . . . . . . . . . . . . . . .
10 . . . . . . . . . . . . . . . . . . .
 9 . . . . . . . . . . . . . . . . . . .
 8 . . . . . . . . . . . . . . . . . . .
 7 . . . . . . . . . . . . . . . . . . .
 6 . . . . . . . . . . . . . . . . . . .
 5 . . . . . . . . . . . . . . . O2. . .
 4 . . X . . . . . @ . . . . . . . . . .
 3 . . . . . . . . . . . . . . . O . . .
 2 . . . . . . . . . . . . . . . . . . .
 1 X X3X1. . . . . . . . . . . . . . . .

koPOSITIONALscoreAREAtaxNONEsui1komi7.5
Time taken: ###
Root visits: 100
New playouts: 100
NN rows: 100
NN batches: 100
NN avg batch size: 1
PlayoutDoublingAdvantage: 0.75
PV: J4 R16 Q15 O17 Q11 L3 C17
Tree:
: T  60.79c W  57.45c S   3.57c (+14.8 L +14.7) N     100  --  J4 R16 Q15 O17 Q11 L3 C17
---White(^)---
J4  : T  62.31c W  58.85c S   3.81c (+15.2 L +15.0) LCB   59.02c P  8.71% WF  42.6 PSV      71 N      42  --  J4 R16 Q15 O17 Q11 L3 C17
P16 : T  59.36c W  56.30c S   3.30c (+14.4 L +14.3) LCB   55.35c P 28.76% WF  26.5 PSV      27 N      27  --  P16 P17 O16 N17 J4 N16 N15 M15
J3  : T  62.18c W  58.33c S   3.79c (+15.1 L +14.8) LCB   57.49c P  5.89% WF  17.2 PSV      17 N      17  --  J3 R16 Q15 O16 R11 K4
C17 : T  56.89c W  53.52c S   3.24c (+14.4 L +14.3) LCB   40.25c P 11.48% WF   5.8 PSV       6 N       6  --  C17 C16 D17 E17
D5  : T  56.96c W  54.51c S   3.03c (+14.0 L +14.0) LCB -113.14c P  6.05% WF   2.9 PSV       3 N       3  --  D5 D4
K4  : T  58.30c W  56.13c S   2.99c (+13.9 L +13.8) LCB -280.00c P  3.08% WF   2.0 PSV       2 N       2  --  K4 R16
N17 : T  56.89c W  54.17c S   2.72c (+13.6 L +12.7) LCB -280.00c P  3.41% WF   1.0 PSV       1 N       1  --  N17
O17 : T  57.17c W  54.32c S   2.86c (+13.8 L +12.8) LCB -280.00c P  3.15% WF   1.0 PSV       1 N       1  --  O17
MoveNum: 1 HASH: 1AF8E45BE7BCD0CF2B21050C98540B8D
   A B C D E F G H J K L M N O P Q R S T
19 . . . . . . . . . . . . . . . . . . .
18 . . . . . . . . . . . . . . . . . . .
17 . . . X . . . . . . . . . . . . . . .
16 . . . . . . . . . . . . . . . X . . .
15 . . . @ . . . . . . . . . . . . . . .
14 . . . . . . . . . . . . . . . . . . .
13 . . . . . . . . . . . . . . . . . . .
12 . . . . . . . . . . . . . . . . . . .
11 . . . . . . . . . . . . . . . . . . .
10 . . . . . . . . . . . . . . . . . . .
 9 . . . . . . . . . . . . . . . . . . .
 8 . . . . . . . . . . . . . . . . . . .
 7 . . . . . . . . . . . . . . . . . . .
 6 . . . . . . . . . . . . . . . . . . .
 5 . . . . . . . . . . . . . . . . . . .
 4 . . X . . . . . . . . . . . . O1. . .
 3 . . . . . . . . . . . . . . . . . . .
 2 . . . . . . . . . . . . . . . . . . .
 1 . . . . . . . . . . . . . . . . . . .

koPOSITIONALscoreAREAtaxNONEsui1komi7.5
Time taken: ###
Root visits: 100
New playouts: 100
NN rows: 98
NN batches: 98
NN avg batch size: 1
PlayoutDoublingAdvantage: -1.125
PV: D15 E3 D3 E4 C6 J4 R3 Q3 R4 Q5
Tree:
: T  47.47c W  45.39c S   2.74c (+12.7 L +13.0) N     100  --  D15 E3 D3 E4 C6 J4 R3
---Black(^)---
D15 : T  47.87c W  45.14c S   2.69c (+12.6 L +13.1) LCB   41.77c P 30.12% WF  39.2 PSV      41 N      39  --  D15 E3 D3 E4 C6 J4 R3 Q3
E4  : T  44.84c W  43.42c S   2.42c (+12.2 L +12.7) LCB   34.06c P 28.63% WF  17.6 PSV      18 N      18  --  E4 C15 C16 D15 F17 E16 E17
C15 : T  47.74c W  45.76c S   2.76c (+12.7 L +13.0) LCB   33.19c P 10.75% WF  14.0 PSV      13 N      14  --  C15 E3 D3 E4 C6 J4 R3
E3  : T  48.90c W  47.10c S   2.95c (+13.0 L +13.3) LCB   40.32c P  5.95% WF  15.2 PSV      12 N      15  --  E3 C15 C16 D15 F17 R17 Q17
C14 : T  48.81c W  47.08c S   3.07c (+13.2 L +13.3) LCB   36.34c P  3.72% WF  11.1 PSV       7 N      11  --  C14 E3 D3 E4 C6 J4 R3
R3  : T  41.98c W  42.58c S   2.72c (+12.6 L +12.8) LCB -280.00c P  6.98% WF   1.9 PSV       2 N       2  --  R3 D4
Initializing board with boardXSize 13 boardYSize 13
MoveNum: 1 HASH: 29B4CBD3782FFC0779C046875E5F2DAE
   A B C D E F G H J K L M N
13 . . . . . . . . . . . . .
12 . . . . . . . . . . . . .
11 . . . . . . . . . . . . .
10 . . . X . . . . . X . . .
 9 . . . . . . . . . . . . .
 8 . . . . . . . . . . . . .
 7 . . . . . . . . . . . . .
 6 . . . . . . . . . . . . .
 5 . . . . . . . . . . . . .
 4 . . . X . . . . . O1@ . .
 3 . . . . . . . . . . . . .
 2 . . . . . . . . . . . . .
 1 . . . . . . . . . . . . .

koPOSITIONALscoreAREAtaxNONEsui1komi7.5
Time taken: ###
Root visits: 100
New playouts: 100
NN rows: 99
NN batches: 99
NN avg batch size: 1
PlayoutDoublingAdvantage: -2.125
PV: L4 L5 L3 K5 J2 H11 J11 H10
Tree:
: T  70.70c W  67.02c S   3.42c (+10.8 L +10.9) N     100  --  L4 L5 L3 K5 J2 H11 J11
---Black(^)---
L4  : T  74.63c W  69.49c S   4.10c (+11.5 L +11.4) LCB   68.04c P  4.50% WF  50.9 PSV      49 N      49  --  L4 L5 L3 K5 J2 H11 J11 H10
K5  : T  67.94c W  66.11c S   2.62c ( +9.9 L +10.4) LCB   57.18c P  7.77% WF  17.4 PSV       4 N      18  --  K5 L4 J4 J5 L5
K7  : T  65.89c W  63.78c S   2.68c (+10.0 L +10.4) LCB   47.10c P  6.63% WF   6.7 PSV       3 N       7  --  K7 C6 G3 F11
L7  : T  67.51c W  64.56c S   3.03c (+10.4 L +10.6) LCB   52.77c P  4.42% WF   9.7 PSV       2 N      10  --  L7 C6 G3 F11 C8
K3  : T  66.68c W  65.33c S   2.74c (+10.0 L +10.4) LCB -142.38c P  4.02% WF   3.9 PSV       2 N       4  --  K3 J3 L4
L6  : T  70.38c W  67.65c S   3.46c (+10.8 L +11.0) LCB -168.39c P  2.85% WF   3.0 PSV       2 N       3  --  L6 F3 D7
D7  : T  58.82c W  56.77c S   2.06c ( +9.4 L  +9.7) LCB -280.00c P  5.69% WF   0.9 PSV       1 N       1  --  D7
L3  : T  61.95c W  59.73c S   2.23c ( +9.6 L  +9.5) LCB -280.00c P  4.61% WF   1.0 PSV       1 N       1  --  L3
G10 : T  55.51c W  53.97c S   1.55c ( +8.9 L  +9.2) LCB -280.00c P  4.46% WF   0.9 PSV       1 N       1  --  G10
C11 : T  58.14c W  56.77c S   1.37c ( +8.7 L  +9.0) LCB -280.00c P  4.09% WF   0.9 PSV       1 N       1  --  C11
MoveNum: 2 HASH: 64FF1BDB1E7A3DD8A22AEB525D98DCE8
   A B C D E F G H J K L M N
13 . . . . . . . . . . . . .
12 . . . . . . . . . . . . .
11 . . . . . . . . . . . . .
10 . . . X . . . . . X . . .
 9 . . . . . . . . . . . . .
 8 . . . . . . . . . . . . .
 7 . . . . . . . . . . . . .
 6 . . . . . . . . . . . . .
 5 . . . . . . . . . . @ . .
 4 . . . X . . . . . O1X2. .
 3 . . . . . . . . . . . . .
 2 . . . . . . . . . . . . .
 1 . . . . . . . . . . . . .

koPOSITIONALscoreAREAtaxNONEsui1komi7.5
Time taken: ###
Root visits: 100
New playouts: 100
NN rows: 52
NN batches: 52
NN avg batch size: 1
PlayoutDoublingAdvantage: 2.125
PV: L5 L3 K5 J2 H11 L8 H3 J3 H4 H2
Tree:
: T -73.65c W -68.53c S  -4.65c (-11.5 L -11.4) N     100  --  L5 L3 K5 J2 H11 L8 H3
---White(^)---
L5  : T -72.16c W -67.17c S  -4.57c (-11.5 L -11.3) LCB  -77.51c P 41.26% WF  78.2 PSV      77 N      77  --  L5 L3 K5 J2 H11 L8 H3 J3
L3  : T -79.39c W -73.75c S  -5.17c (-11.9 L -12.0) LCB  -94.63c P 32.11% WF  15.1 PSV      15 N      16  --  L3 L5 M3 K5 J4 J5 H4 H5
K5  : T -78.78c W -73.31c S  -4.45c (-11.2 L -11.2) LCB -158.58c P 10.16% WF   4.8 PSV       5 N       5  --  K5 L5 L3
K3  : T -85.47c W -79.21c S  -6.26c (-12.7 L -13.4) LCB -280.00c P  3.71% WF   0.9 PSV       1 N       1  --  K3
MoveNum: 3 HASH: 3106D17ACB1BB8A056D370E335F8502F
   A B C D E F G H J K L M N
13 . . . . . . . . . . . . .
12 . . . . . . . . . . . . .
11 . . . . . . . . . . . . .
10 . . . X . . . . . X . . .
 9 . . . . . . . . . . . . .
 8 . . . . . . . . . . . . .
 7 . . . . . . . . . . . . .
 6 . . . . . . . . . . . . .
 5 . . . . . . . . . . O3. .
 4 . . . X . . . . . O1X2. .
 3 . . . . . . . . . . @ . .
 2 . . . . . . . . . . . . .
 1 . . . . . . . . . . . . .

koPOSITIONALscoreAREAtaxNONEsui1komi7.5
Time taken: ###
Root visits: 100
New playouts: 100
NN rows: 24
NN batches: 24
NN avg batch size: 1
PlayoutDoublingAdvantage: -2.125
PV: L3 K5 J2 H11 L8 G3 K3 H4
Tree:
: T  72.54c W  67.25c S   5.12c (+11.5 L +11.2) N     100  --  L3 K5 J2 H11 L8 G3 K3
---Black(^)---
L3  : T  73.16c W  67.66c S   5.25c (+11.7 L +11.3) LCB   68.92c P 78.47% WF  95.4 PSV      95 N      95  --  L3 K5 J2 H11 L8 G3 K3 H4
K3  : T  54.55c W  55.34c S   1.93c ( +8.2 L  +8.6) LCB -456.54c P 13.65% WF   2.7 PSV       2 N       3  --  K3 L3 M4
K5  : T  61.89c W  59.27c S   2.62c ( +8.9 L  +8.7) LCB -280.00c P  3.66% WF   0.9 PSV       1 N       1  --  K5
