{"id":"foo","isDuringSearch":false,"moveInfos":[{"lcb":0.297988983,"move":"Q5","order":0,"prior":0.807821453,"pv":["Q5","R4","P4","P3"],"scoreLead":-7.09969823,"scoreMean":-7.09969823,"scoreSelfplay":-7.39338894,"scoreStdev":30.9676968,"utility":-0.233753458,"utilityLcb":-0.493899697,"visits":9,"winrate":0.390898354}],"rootInfo":{"currentPlayer":"W","scoreLead":-7.10404935,"scoreSelfplay":-7.40666874,"scoreStdev":31.0327468,"symHash":"215BAF8265F4950EC41771439410160F","thisHash":"FA2C1B0E252C40AF31EB9DEC2CCCCD34","utility":-0.237050724,"visits":10,"winrate":0.389330321},"turnNumber":2}
{"id":"foo","isDuringSearch":false,"moveInfos":[{"lcb":0.854157618,"move":"D5","order":0,"prior":0.741286993,"pv":["D5","D3","E3","E4"],"scoreLead":11.6187646,"scoreMean":11.6187646,"scoreSelfplay":18.7264811,"scoreStdev":10.3060425,"utility":0.899389979,"utilityLcb":0.517331585,"visits":7,"winrate":0.990607044},{"lcb":-0.00646124326,"move":"D4","order":1,"prior":0.212533474,"pv":["D4","D5"],"scoreLead":12.1075363,"scoreMean":12.1075363,"scoreSelfplay":23.2783499,"scoreStdev":10.3609482,"utility":1.00607238,"utilityLcb":-2.8,"visits":2,"winrate":0.993538757}],"ownership":[0.464562,0.473329,0.484823,0.494333,0.423292,0.294418,0.288214,0.415034,0.490512,0.457621,0.596078,0.508971,0.359919,0.17038,0.426513,0.544958,0.954552,0.942942,0.494629,0.360374,0.162837,0.266094,0.425071,0.350273,0.377689,0.486425,0.12828,0.061462,0.178708,0.118601,0.36164,-0.314883,0.053289,-0.127895,-0.004555,-0.067847,-0.087223,-0.261218,-0.267211,-0.278963,-0.242265,-0.18053,-0.060217,-0.187469,-0.218139,-0.252648,-0.260132,-0.362934,-0.228108],"policy":[2.03814634e-05,3.4857585e-05,3.16032128e-05,2.99570402e-05,3.42739622e-05,5.18337874e-05,3.58261605e-05,3.17833219e-05,0.00045739644,-1.0,0.00605184957,8.29322016e-05,6.73231698e-05,5.29383469e-05,3.09897951e-05,0.000109646877,-1.0,0.741286993,0.00976812094,9.51206894e-05,4.48376595e-05,3.29704417e-05,0.000213522697,0.00244769361,0.212533474,0.0220267121,8.88748036e-05,4.55269401e-05,4.10332395e-05,6.1495819e-05,0.000488605874,0.00261070882,0.000278458465,5.96035679e-05,3.73263611e-05,3.58930884e-05,6.11618598e-05,8.39090571e-05,6.80092635e-05,6.31812072e-05,6.10356437e-05,4.0445495e-05,3.60116501e-05,4.21060213e-05,4.28601888e-05,4.06588151e-05,3.94331764e-05,4.34807444e-05,3.23115892e-05,2.49196491e-05],"rootInfo":{"currentPlayer":"W","scoreLead":12.173498500000001,"scoreSelfplay":21.007308600000002,"scoreStdev":11.1072127,"symHash":"142D62B902727ED7A147F45224109E72","thisHash":"290AC1DB39349793CE09682AF7CA6A6E","utility":0.945643057,"visits":10,"winrate":0.991747107},"turnNumber":2}
{"id":"foo","isDuringSearch":false,"moveInfos":[{"lcb":-0.261431066,"move":"D5","order":0,"prior":0.639474869,"pv":["D5","D6","D4","B6"],"scoreLead":-1.8243569,"scoreMean":-1.8243569,"scoreSelfplay":-3.0831938,"scoreStdev":12.8011283,"utility":-0.482695517,"utilityLcb":-2.06374257,"visits":6,"winrate":0.303228596},{"lcb":-0.788804438,"move":"D4","order":1,"prior":0.145494223,"pv":["D4","D5"],"scoreLead":-3.03475255,"scoreMean":-3.03475255,"scoreSelfplay":-4.62151945,"scoreStdev":12.3746006,"utility":-0.734146941,"utilityLcb":-2.8,"visits":2,"winrate":0.211195562},{"lcb":-0.933236789,"move":"D6","order":2,"prior":0.181681126,"pv":["D6"],"scoreLead":-6.10651684,"scoreMean":-6.10651684,"scoreSelfplay":-8.38734531,"scoreStdev":12.5074119,"utility":-0.98342442,"utilityLcb":-2.8,"visits":1,"winrate":0.066763211}],"ownership":[-0.236626,-0.371822,-0.288618,-0.337269,0.043424,-0.10947,0.144074,-0.243326,-0.170241,-0.010937,-0.369336,0.046087,-0.006055,0.054098,-0.181394,-0.202261,-0.65052,0.621804,0.045865,0.140356,0.125724,-0.169157,-0.083099,-0.02126,0.22639,0.109079,0.272997,0.068422,-0.121059,0.005692,0.066155,0.06854,0.171489,0.245064,0.091278,-0.057226,0.012343,0.058046,0.109968,0.0852,0.172936,0.079587,-0.008491,-0.044807,-0.027929,-0.021610999999999998,0.008431,0.1424,0.148533],"policy":[6.62122548e-05,0.00381609239,-1.0,0.000263010443,0.000128460742,0.000164035926,0.000137733121,0.000168197745,0.00126284093,-1.0,0.181681126,0.000335677818,0.000174482484,0.000171657026,8.57847699e-05,0.00143822783,-1.0,0.639474869,0.00568883587,0.000204448952,0.000139738084,0.000100458165,0.00014987521,0.00320991292,0.145494223,0.00595769426,0.000165208054,0.000142681165,0.000113024435,0.000205944627,0.000697215786,0.00531448517,0.000634938187,0.000197768677,0.000130265136,0.000146888488,0.00014231872,0.000194900975,0.000155225687,0.000184478558,0.000155429356,0.000138982272,0.000145370039,0.000145895596,0.000113361246,0.000122575759,0.000122181984,0.000128987391,0.000129074018,5.90934906e-05],"rootInfo":{"currentPlayer":"B","scoreLead":-1.83815317,"scoreSelfplay":-2.94219475,"scoreStdev":12.9084,"symHash":"478E9637C4E9D7DD298C5EDA99EA7431","thisHash":"90E43B353BA64F45F3186642D389E6E7","utility":-0.447583162,"visits":10,"winrate":0.315269154},"turnNumber":3}
{"id":"foo","isDuringSearch":false,"moveInfos":[{"lcb":0.124173003,"move":"D5","order":0,"prior":0.639474869,"pv":["D5","D4","C4","B5","E5"],"scoreLead":-1.76425934,"scoreMean":-1.76425934,"scoreSelfplay":-2.86796489,"scoreStdev":12.876948,"utility":-0.429604694,"utilityLcb":-0.961444399,"visits":16,"winrate":0.314115755},{"lcb":-0.788804438,"move":"D4","order":1,"prior":0.145494223,"pv":["D4","D5"],"scoreLead":-3.03475255,"scoreMean":-3.03475255,"scoreSelfplay":-4.62151945,"scoreStdev":12.3746006,"utility":-0.734146941,"utilityLcb":-2.8,"visits":2,"winrate":0.211195562},{"lcb":-0.933236789,"move":"D6","order":2,"prior":0.181681126,"pv":["D6"],"scoreLead":-6.10651684,"scoreMean":-6.10651684,"scoreSelfplay":-8.38734531,"scoreStdev":12.5074119,"utility":-0.98342442,"utilityLcb":-2.8,"visits":1,"winrate":0.066763211}],"ownership":[0.01955,-0.044561,-0.032718,0.043257,0.125394,0.060403,0.110064,0.018659,0.225074,0.207348,-0.122998,0.092022,0.067601,-0.010824,-0.044733,-0.122898,-0.426963,0.726023,0.232193,0.037426,0.01942,0.006944,-0.005941,0.083227,-0.060567,-0.043513,0.096125,0.005209,-0.056621,-0.080768,-0.063439,-0.116362,-0.013611,-0.035095,0.041761,0.003742,0.028419,-0.023761,0.010061,-0.023812,0.052471,0.04015,0.012759,0.032698,0.006891,0.022028,0.027412,0.038585,0.060833],"ownershipStdev":[0.280528,0.218806,0.225461,0.278517,0.116016,0.142733,0.068716,0.256618,0.328265,0.173462,0.276083,0.126898,0.193147,0.11653,0.193507,0.177996,0.212289,0.194049,0.17888,0.121497,0.104684,0.181267,0.110738,0.161677,0.476582,0.139764,0.120459,0.053426,0.110229,0.093806,0.126414,0.154622,0.146795,0.186669,0.048109,0.070853,0.083907,0.076759,0.079562,0.081404,0.152334,0.045975,0.046613,0.091021,0.065827,0.067383,0.056356,0.083296,0.057214],"policy":[6.62122548e-05,0.00381609239,-1.0,0.000263010443,0.000128460742,0.000164035926,0.000137733121,0.000168197745,0.00126284093,-1.0,0.181681126,0.000335677818,0.000174482484,0.000171657026,8.57847699e-05,0.00143822783,-1.0,0.639474869,0.00568883587,0.000204448952,0.000139738084,0.000100458165,0.00014987521,0.00320991292,0.145494223,0.00595769426,0.000165208054,0.000142681165,0.000113024435,0.000205944627,0.000697215786,0.00531448517,0.000634938187,0.000197768677,0.000130265136,0.000146888488,0.00014231872,0.000194900975,0.000155225687,0.000184478558,0.000155429356,0.000138982272,0.000145370039,0.000145895596,0.000113361246,0.000122575759,0.000122181984,0.000128987391,0.000129074018,5.90934906e-05],"rootInfo":{"currentPlayer":"B","scoreLead":-1.84354626,"scoreSelfplay":-2.92250879,"scoreStdev":12.8930206,"symHash":"478E9637C4E9D7DD298C5EDA99EA7431","thisHash":"90E43B353BA64F45F3186642D389E6E7","utility":-0.435818393,"visits":20,"winrate":0.312475564},"turnNumber":3}
